[0.424s] Invoking command in '/home/nolan/source/Rover_2023_2024/software/ros_packages/rover2_control': PS1=\[\e]0;\u@\h: \w\a\]${debian_chroot:+($debian_chroot)}\[\033[01;32m\]\u@\h\[\033[00m\]:\[\033[01;34m\]\w\[\033[00m\]\$ PYTHONPATH=/home/nolan/source/Rover_2023_2024/build/rover2_control/prefix_override:/usr/lib/python3/dist-packages/colcon_core/task/python/colcon_distutils_commands:/home/nolan/source/Rover_2023_2024/install/rover2_control/lib/python3.10/site-packages:${PYTHONPATH} /usr/bin/python3 -W ignore:setup.py install is deprecated -W ignore:easy_install command is deprecated setup.py egg_info --egg-base ../../../build/rover2_control build --build-base /home/nolan/source/Rover_2023_2024/build/rover2_control/build install --record /home/nolan/source/Rover_2023_2024/build/rover2_control/install.log --install-scripts $base/lib/rover2_control --single-version-externally-managed install_data
[0.576s] running egg_info
[0.576s] creating ../../../build/rover2_control/rover2_control.egg-info
[0.576s] writing ../../../build/rover2_control/rover2_control.egg-info/PKG-INFO
[0.576s] writing dependency_links to ../../../build/rover2_control/rover2_control.egg-info/dependency_links.txt
[0.576s] writing entry points to ../../../build/rover2_control/rover2_control.egg-info/entry_points.txt
[0.576s] writing requirements to ../../../build/rover2_control/rover2_control.egg-info/requires.txt
[0.576s] writing top-level names to ../../../build/rover2_control/rover2_control.egg-info/top_level.txt
[0.576s] writing manifest file '../../../build/rover2_control/rover2_control.egg-info/SOURCES.txt'
[0.578s] reading manifest file '../../../build/rover2_control/rover2_control.egg-info/SOURCES.txt'
[0.578s] writing manifest file '../../../build/rover2_control/rover2_control.egg-info/SOURCES.txt'
[0.578s] running build
[0.578s] running build_py
[0.578s] creating /home/nolan/source/Rover_2023_2024/build/rover2_control/build
[0.579s] creating /home/nolan/source/Rover_2023_2024/build/rover2_control/build/lib
[0.579s] creating /home/nolan/source/Rover_2023_2024/build/rover2_control/build/lib/rover2_control
[0.579s] copying rover2_control/auton_control_node.py -> /home/nolan/source/Rover_2023_2024/build/rover2_control/build/lib/rover2_control
[0.579s] copying rover2_control/drive_control.py -> /home/nolan/source/Rover_2023_2024/build/rover2_control/build/lib/rover2_control
[0.579s] copying rover2_control/drive_coordinator.py -> /home/nolan/source/Rover_2023_2024/build/rover2_control/build/lib/rover2_control
[0.579s] copying rover2_control/can_calibrate.py -> /home/nolan/source/Rover_2023_2024/build/rover2_control/build/lib/rover2_control
[0.579s] copying rover2_control/aruco_scan.py -> /home/nolan/source/Rover_2023_2024/build/rover2_control/build/lib/rover2_control
[0.579s] copying rover2_control/tower_pan_tilt_control.py -> /home/nolan/source/Rover_2023_2024/build/rover2_control/build/lib/rover2_control
[0.579s] copying rover2_control/heist_mech_control.py -> /home/nolan/source/Rover_2023_2024/build/rover2_control/build/lib/rover2_control
[0.579s] copying rover2_control/auton_controller.py -> /home/nolan/source/Rover_2023_2024/build/rover2_control/build/lib/rover2_control
[0.579s] copying rover2_control/geographic_functions.py -> /home/nolan/source/Rover_2023_2024/build/rover2_control/build/lib/rover2_control
[0.579s] copying rover2_control/hammer_detector.py -> /home/nolan/source/Rover_2023_2024/build/rover2_control/build/lib/rover2_control
[0.579s] copying rover2_control/can_restore_config.py -> /home/nolan/source/Rover_2023_2024/build/rover2_control/build/lib/rover2_control
[0.579s] copying rover2_control/monitor_aruco.py -> /home/nolan/source/Rover_2023_2024/build/rover2_control/build/lib/rover2_control
[0.579s] copying rover2_control/drive_can_control.py -> /home/nolan/source/Rover_2023_2024/build/rover2_control/build/lib/rover2_control
[0.579s] copying rover2_control/__init__.py -> /home/nolan/source/Rover_2023_2024/build/rover2_control/build/lib/rover2_control
[0.579s] copying rover2_control/drill_control.py -> /home/nolan/source/Rover_2023_2024/build/rover2_control/build/lib/rover2_control
[0.579s] copying rover2_control/gripper_control.py -> /home/nolan/source/Rover_2023_2024/build/rover2_control/build/lib/rover2_control
[0.579s] copying rover2_control/test_drive_accuracy.py -> /home/nolan/source/Rover_2023_2024/build/rover2_control/build/lib/rover2_control
[0.580s] copying rover2_control/iris_controller.py -> /home/nolan/source/Rover_2023_2024/build/rover2_control/build/lib/rover2_control
[0.580s] copying rover2_control/bottle_detect.py -> /home/nolan/source/Rover_2023_2024/build/rover2_control/build/lib/rover2_control
[0.580s] copying rover2_control/chassis_pan_tilt_control.py -> /home/nolan/source/Rover_2023_2024/build/rover2_control/build/lib/rover2_control
[0.580s] copying rover2_control/odrive_pan_tilt.py -> /home/nolan/source/Rover_2023_2024/build/rover2_control/build/lib/rover2_control
[0.580s] copying rover2_control/joy_to_drive.py -> /home/nolan/source/Rover_2023_2024/build/rover2_control/build/lib/rover2_control
[0.580s] copying rover2_control/joint_position_control.py -> /home/nolan/source/Rover_2023_2024/build/rover2_control/build/lib/rover2_control
[0.580s] copying rover2_control/effectors_control.py -> /home/nolan/source/Rover_2023_2024/build/rover2_control/build/lib/rover2_control
[0.580s] running install
[0.580s] running install_lib
[0.581s] creating /home/nolan/source/Rover_2023_2024/install/rover2_control/lib/python3.10/site-packages/rover2_control
[0.581s] copying /home/nolan/source/Rover_2023_2024/build/rover2_control/build/lib/rover2_control/auton_control_node.py -> /home/nolan/source/Rover_2023_2024/install/rover2_control/lib/python3.10/site-packages/rover2_control
[0.581s] copying /home/nolan/source/Rover_2023_2024/build/rover2_control/build/lib/rover2_control/drive_control.py -> /home/nolan/source/Rover_2023_2024/install/rover2_control/lib/python3.10/site-packages/rover2_control
[0.581s] copying /home/nolan/source/Rover_2023_2024/build/rover2_control/build/lib/rover2_control/drive_coordinator.py -> /home/nolan/source/Rover_2023_2024/install/rover2_control/lib/python3.10/site-packages/rover2_control
[0.581s] copying /home/nolan/source/Rover_2023_2024/build/rover2_control/build/lib/rover2_control/can_calibrate.py -> /home/nolan/source/Rover_2023_2024/install/rover2_control/lib/python3.10/site-packages/rover2_control
[0.581s] copying /home/nolan/source/Rover_2023_2024/build/rover2_control/build/lib/rover2_control/aruco_scan.py -> /home/nolan/source/Rover_2023_2024/install/rover2_control/lib/python3.10/site-packages/rover2_control
[0.581s] copying /home/nolan/source/Rover_2023_2024/build/rover2_control/build/lib/rover2_control/tower_pan_tilt_control.py -> /home/nolan/source/Rover_2023_2024/install/rover2_control/lib/python3.10/site-packages/rover2_control
[0.581s] copying /home/nolan/source/Rover_2023_2024/build/rover2_control/build/lib/rover2_control/heist_mech_control.py -> /home/nolan/source/Rover_2023_2024/install/rover2_control/lib/python3.10/site-packages/rover2_control
[0.581s] copying /home/nolan/source/Rover_2023_2024/build/rover2_control/build/lib/rover2_control/auton_controller.py -> /home/nolan/source/Rover_2023_2024/install/rover2_control/lib/python3.10/site-packages/rover2_control
[0.581s] copying /home/nolan/source/Rover_2023_2024/build/rover2_control/build/lib/rover2_control/geographic_functions.py -> /home/nolan/source/Rover_2023_2024/install/rover2_control/lib/python3.10/site-packages/rover2_control
[0.581s] copying /home/nolan/source/Rover_2023_2024/build/rover2_control/build/lib/rover2_control/hammer_detector.py -> /home/nolan/source/Rover_2023_2024/install/rover2_control/lib/python3.10/site-packages/rover2_control
[0.581s] copying /home/nolan/source/Rover_2023_2024/build/rover2_control/build/lib/rover2_control/can_restore_config.py -> /home/nolan/source/Rover_2023_2024/install/rover2_control/lib/python3.10/site-packages/rover2_control
[0.581s] copying /home/nolan/source/Rover_2023_2024/build/rover2_control/build/lib/rover2_control/monitor_aruco.py -> /home/nolan/source/Rover_2023_2024/install/rover2_control/lib/python3.10/site-packages/rover2_control
[0.581s] copying /home/nolan/source/Rover_2023_2024/build/rover2_control/build/lib/rover2_control/drive_can_control.py -> /home/nolan/source/Rover_2023_2024/install/rover2_control/lib/python3.10/site-packages/rover2_control
[0.581s] copying /home/nolan/source/Rover_2023_2024/build/rover2_control/build/lib/rover2_control/__init__.py -> /home/nolan/source/Rover_2023_2024/install/rover2_control/lib/python3.10/site-packages/rover2_control
[0.581s] copying /home/nolan/source/Rover_2023_2024/build/rover2_control/build/lib/rover2_control/drill_control.py -> /home/nolan/source/Rover_2023_2024/install/rover2_control/lib/python3.10/site-packages/rover2_control
[0.581s] copying /home/nolan/source/Rover_2023_2024/build/rover2_control/build/lib/rover2_control/gripper_control.py -> /home/nolan/source/Rover_2023_2024/install/rover2_control/lib/python3.10/site-packages/rover2_control
[0.581s] copying /home/nolan/source/Rover_2023_2024/build/rover2_control/build/lib/rover2_control/test_drive_accuracy.py -> /home/nolan/source/Rover_2023_2024/install/rover2_control/lib/python3.10/site-packages/rover2_control
[0.582s] copying /home/nolan/source/Rover_2023_2024/build/rover2_control/build/lib/rover2_control/iris_controller.py -> /home/nolan/source/Rover_2023_2024/install/rover2_control/lib/python3.10/site-packages/rover2_control
[0.582s] copying /home/nolan/source/Rover_2023_2024/build/rover2_control/build/lib/rover2_control/bottle_detect.py -> /home/nolan/source/Rover_2023_2024/install/rover2_control/lib/python3.10/site-packages/rover2_control
[0.582s] copying /home/nolan/source/Rover_2023_2024/build/rover2_control/build/lib/rover2_control/chassis_pan_tilt_control.py -> /home/nolan/source/Rover_2023_2024/install/rover2_control/lib/python3.10/site-packages/rover2_control
[0.582s] copying /home/nolan/source/Rover_2023_2024/build/rover2_control/build/lib/rover2_control/odrive_pan_tilt.py -> /home/nolan/source/Rover_2023_2024/install/rover2_control/lib/python3.10/site-packages/rover2_control
[0.582s] copying /home/nolan/source/Rover_2023_2024/build/rover2_control/build/lib/rover2_control/joy_to_drive.py -> /home/nolan/source/Rover_2023_2024/install/rover2_control/lib/python3.10/site-packages/rover2_control
[0.582s] copying /home/nolan/source/Rover_2023_2024/build/rover2_control/build/lib/rover2_control/joint_position_control.py -> /home/nolan/source/Rover_2023_2024/install/rover2_control/lib/python3.10/site-packages/rover2_control
[0.582s] copying /home/nolan/source/Rover_2023_2024/build/rover2_control/build/lib/rover2_control/effectors_control.py -> /home/nolan/source/Rover_2023_2024/install/rover2_control/lib/python3.10/site-packages/rover2_control
[0.582s] byte-compiling /home/nolan/source/Rover_2023_2024/install/rover2_control/lib/python3.10/site-packages/rover2_control/auton_control_node.py to auton_control_node.cpython-310.pyc
[0.582s] byte-compiling /home/nolan/source/Rover_2023_2024/install/rover2_control/lib/python3.10/site-packages/rover2_control/drive_control.py to drive_control.cpython-310.pyc
[0.583s] byte-compiling /home/nolan/source/Rover_2023_2024/install/rover2_control/lib/python3.10/site-packages/rover2_control/drive_coordinator.py to drive_coordinator.cpython-310.pyc
[0.584s] byte-compiling /home/nolan/source/Rover_2023_2024/install/rover2_control/lib/python3.10/site-packages/rover2_control/can_calibrate.py to can_calibrate.cpython-310.pyc
[0.584s] byte-compiling /home/nolan/source/Rover_2023_2024/install/rover2_control/lib/python3.10/site-packages/rover2_control/aruco_scan.py to aruco_scan.cpython-310.pyc
[0.585s] byte-compiling /home/nolan/source/Rover_2023_2024/install/rover2_control/lib/python3.10/site-packages/rover2_control/tower_pan_tilt_control.py to tower_pan_tilt_control.cpython-310.pyc
[0.586s] byte-compiling /home/nolan/source/Rover_2023_2024/install/rover2_control/lib/python3.10/site-packages/rover2_control/heist_mech_control.py to heist_mech_control.cpython-310.pyc
[0.586s] byte-compiling /home/nolan/source/Rover_2023_2024/install/rover2_control/lib/python3.10/site-packages/rover2_control/auton_controller.py to auton_controller.cpython-310.pyc
[0.588s] byte-compiling /home/nolan/source/Rover_2023_2024/install/rover2_control/lib/python3.10/site-packages/rover2_control/geographic_functions.py to geographic_functions.cpython-310.pyc
[0.588s] byte-compiling /home/nolan/source/Rover_2023_2024/install/rover2_control/lib/python3.10/site-packages/rover2_control/hammer_detector.py to hammer_detector.cpython-310.pyc
[0.589s] byte-compiling /home/nolan/source/Rover_2023_2024/install/rover2_control/lib/python3.10/site-packages/rover2_control/can_restore_config.py to can_restore_config.cpython-310.pyc
[0.590s] byte-compiling /home/nolan/source/Rover_2023_2024/install/rover2_control/lib/python3.10/site-packages/rover2_control/monitor_aruco.py to monitor_aruco.cpython-310.pyc
[0.590s] byte-compiling /home/nolan/source/Rover_2023_2024/install/rover2_control/lib/python3.10/site-packages/rover2_control/drive_can_control.py to drive_can_control.cpython-310.pyc
[0.590s] byte-compiling /home/nolan/source/Rover_2023_2024/install/rover2_control/lib/python3.10/site-packages/rover2_control/__init__.py to __init__.cpython-310.pyc
[0.590s] byte-compiling /home/nolan/source/Rover_2023_2024/install/rover2_control/lib/python3.10/site-packages/rover2_control/drill_control.py to drill_control.cpython-310.pyc
[0.591s] byte-compiling /home/nolan/source/Rover_2023_2024/install/rover2_control/lib/python3.10/site-packages/rover2_control/gripper_control.py to gripper_control.cpython-310.pyc
[0.593s] byte-compiling /home/nolan/source/Rover_2023_2024/install/rover2_control/lib/python3.10/site-packages/rover2_control/test_drive_accuracy.py to test_drive_accuracy.cpython-310.pyc
[0.593s] byte-compiling /home/nolan/source/Rover_2023_2024/install/rover2_control/lib/python3.10/site-packages/rover2_control/iris_controller.py to iris_controller.cpython-310.pyc
[0.594s] byte-compiling /home/nolan/source/Rover_2023_2024/install/rover2_control/lib/python3.10/site-packages/rover2_control/bottle_detect.py to bottle_detect.cpython-310.pyc
[0.595s] byte-compiling /home/nolan/source/Rover_2023_2024/install/rover2_control/lib/python3.10/site-packages/rover2_control/chassis_pan_tilt_control.py to chassis_pan_tilt_control.cpython-310.pyc
[0.595s] byte-compiling /home/nolan/source/Rover_2023_2024/install/rover2_control/lib/python3.10/site-packages/rover2_control/odrive_pan_tilt.py to odrive_pan_tilt.cpython-310.pyc
[0.595s] byte-compiling /home/nolan/source/Rover_2023_2024/install/rover2_control/lib/python3.10/site-packages/rover2_control/joy_to_drive.py to joy_to_drive.cpython-310.pyc
[0.596s] byte-compiling /home/nolan/source/Rover_2023_2024/install/rover2_control/lib/python3.10/site-packages/rover2_control/joint_position_control.py to joint_position_control.cpython-310.pyc
[0.597s] byte-compiling /home/nolan/source/Rover_2023_2024/install/rover2_control/lib/python3.10/site-packages/rover2_control/effectors_control.py to effectors_control.cpython-310.pyc
[0.598s] running install_data
[0.598s] creating /home/nolan/source/Rover_2023_2024/install/rover2_control/share/ament_index
[0.598s] creating /home/nolan/source/Rover_2023_2024/install/rover2_control/share/ament_index/resource_index
[0.598s] creating /home/nolan/source/Rover_2023_2024/install/rover2_control/share/ament_index/resource_index/packages
[0.598s] copying resource/rover2_control -> /home/nolan/source/Rover_2023_2024/install/rover2_control/share/ament_index/resource_index/packages
[0.598s] copying package.xml -> /home/nolan/source/Rover_2023_2024/install/rover2_control/share/rover2_control
[0.598s] copying launch/rover2_control_launch.py -> /home/nolan/source/Rover_2023_2024/install/rover2_control/share/rover2_control
[0.598s] copying launch/odrive_ros2_control.launch.py -> /home/nolan/source/Rover_2023_2024/install/rover2_control/share/rover2_control
[0.598s] copying launch/drive_control_launch.py -> /home/nolan/source/Rover_2023_2024/install/rover2_control/share/rover2_control
[0.598s] copying launch/gripper_control_launch.py -> /home/nolan/source/Rover_2023_2024/install/rover2_control/share/rover2_control
[0.598s] copying launch/gimbal_launch.py -> /home/nolan/source/Rover_2023_2024/install/rover2_control/share/rover2_control
[0.598s] copying launch/heist_mechanism_launch.py -> /home/nolan/source/Rover_2023_2024/install/rover2_control/share/rover2_control
[0.598s] copying launch/pan_tilt_launch.py -> /home/nolan/source/Rover_2023_2024/install/rover2_control/share/rover2_control
[0.598s] copying launch/camera_control_launch.py -> /home/nolan/source/Rover_2023_2024/install/rover2_control/share/rover2_control
[0.598s] copying launch/odrive_drive_control_launch.py.bak -> /home/nolan/source/Rover_2023_2024/install/rover2_control/share/rover2_control
[0.598s] copying launch/odrive_drive_control_launch.py -> /home/nolan/source/Rover_2023_2024/install/rover2_control/share/rover2_control
[0.599s] creating /home/nolan/source/Rover_2023_2024/install/rover2_control/share/rover2_control/rover2_control
[0.599s] copying rover2_control/auton_control_node.py -> /home/nolan/source/Rover_2023_2024/install/rover2_control/share/rover2_control/rover2_control
[0.599s] copying rover2_control/drive_control.py -> /home/nolan/source/Rover_2023_2024/install/rover2_control/share/rover2_control/rover2_control
[0.599s] copying rover2_control/drive_coordinator.py -> /home/nolan/source/Rover_2023_2024/install/rover2_control/share/rover2_control/rover2_control
[0.599s] copying rover2_control/can_calibrate.py -> /home/nolan/source/Rover_2023_2024/install/rover2_control/share/rover2_control/rover2_control
[0.599s] copying rover2_control/aruco_scan.py -> /home/nolan/source/Rover_2023_2024/install/rover2_control/share/rover2_control/rover2_control
[0.599s] copying rover2_control/tower_pan_tilt_control.py -> /home/nolan/source/Rover_2023_2024/install/rover2_control/share/rover2_control/rover2_control
[0.599s] copying rover2_control/heist_mech_control.py -> /home/nolan/source/Rover_2023_2024/install/rover2_control/share/rover2_control/rover2_control
[0.599s] copying rover2_control/auton_controller.py -> /home/nolan/source/Rover_2023_2024/install/rover2_control/share/rover2_control/rover2_control
[0.599s] copying rover2_control/geographic_functions.py -> /home/nolan/source/Rover_2023_2024/install/rover2_control/share/rover2_control/rover2_control
[0.599s] copying rover2_control/hammer_detector.py -> /home/nolan/source/Rover_2023_2024/install/rover2_control/share/rover2_control/rover2_control
[0.599s] copying rover2_control/can_restore_config.py -> /home/nolan/source/Rover_2023_2024/install/rover2_control/share/rover2_control/rover2_control
[0.599s] copying rover2_control/monitor_aruco.py -> /home/nolan/source/Rover_2023_2024/install/rover2_control/share/rover2_control/rover2_control
[0.599s] copying rover2_control/drive_can_control.py -> /home/nolan/source/Rover_2023_2024/install/rover2_control/share/rover2_control/rover2_control
[0.599s] copying rover2_control/__init__.py -> /home/nolan/source/Rover_2023_2024/install/rover2_control/share/rover2_control/rover2_control
[0.599s] copying rover2_control/drill_control.py -> /home/nolan/source/Rover_2023_2024/install/rover2_control/share/rover2_control/rover2_control
[0.599s] copying rover2_control/gripper_control.py -> /home/nolan/source/Rover_2023_2024/install/rover2_control/share/rover2_control/rover2_control
[0.599s] copying rover2_control/test_drive_accuracy.py -> /home/nolan/source/Rover_2023_2024/install/rover2_control/share/rover2_control/rover2_control
[0.599s] copying rover2_control/iris_controller.py -> /home/nolan/source/Rover_2023_2024/install/rover2_control/share/rover2_control/rover2_control
[0.599s] copying rover2_control/bottle_detect.py -> /home/nolan/source/Rover_2023_2024/install/rover2_control/share/rover2_control/rover2_control
[0.599s] copying rover2_control/chassis_pan_tilt_control.py -> /home/nolan/source/Rover_2023_2024/install/rover2_control/share/rover2_control/rover2_control
[0.599s] copying rover2_control/odrive_pan_tilt.py -> /home/nolan/source/Rover_2023_2024/install/rover2_control/share/rover2_control/rover2_control
[0.599s] copying rover2_control/joy_to_drive.py -> /home/nolan/source/Rover_2023_2024/install/rover2_control/share/rover2_control/rover2_control
[0.599s] copying rover2_control/joint_position_control.py -> /home/nolan/source/Rover_2023_2024/install/rover2_control/share/rover2_control/rover2_control
[0.599s] copying rover2_control/effectors_control.py -> /home/nolan/source/Rover_2023_2024/install/rover2_control/share/rover2_control/rover2_control
[0.599s] creating /home/nolan/source/Rover_2023_2024/install/rover2_control/share/rover2_control/config
[0.599s] copying config/flat_endpoints.json -> /home/nolan/source/Rover_2023_2024/install/rover2_control/share/rover2_control/config
[0.599s] copying config/rover_drive.yaml -> /home/nolan/source/Rover_2023_2024/install/rover2_control/share/rover2_control/config
[0.599s] running install_egg_info
[0.600s] Copying ../../../build/rover2_control/rover2_control.egg-info to /home/nolan/source/Rover_2023_2024/install/rover2_control/lib/python3.10/site-packages/rover2_control-0.0.0-py3.10.egg-info
[0.601s] running install_scripts
[0.614s] Installing auton_controller script to /home/nolan/source/Rover_2023_2024/install/rover2_control/lib/rover2_control
[0.614s] Installing chassis_pan_tilt_control script to /home/nolan/source/Rover_2023_2024/install/rover2_control/lib/rover2_control
[0.614s] Installing drill_control script to /home/nolan/source/Rover_2023_2024/install/rover2_control/lib/rover2_control
[0.614s] Installing drive_can_control script to /home/nolan/source/Rover_2023_2024/install/rover2_control/lib/rover2_control
[0.614s] Installing drive_control script to /home/nolan/source/Rover_2023_2024/install/rover2_control/lib/rover2_control
[0.614s] Installing drive_coordinator script to /home/nolan/source/Rover_2023_2024/install/rover2_control/lib/rover2_control
[0.614s] Installing effectors_control script to /home/nolan/source/Rover_2023_2024/install/rover2_control/lib/rover2_control
[0.614s] Installing gripper_control script to /home/nolan/source/Rover_2023_2024/install/rover2_control/lib/rover2_control
[0.614s] Installing heist_mech_control script to /home/nolan/source/Rover_2023_2024/install/rover2_control/lib/rover2_control
[0.614s] Installing iris_controller script to /home/nolan/source/Rover_2023_2024/install/rover2_control/lib/rover2_control
[0.614s] Installing joint_position_control script to /home/nolan/source/Rover_2023_2024/install/rover2_control/lib/rover2_control
[0.615s] Installing joy_to_drive script to /home/nolan/source/Rover_2023_2024/install/rover2_control/lib/rover2_control
[0.615s] Installing monitor_aruco script to /home/nolan/source/Rover_2023_2024/install/rover2_control/lib/rover2_control
[0.615s] Installing odrive_pan_tilt script to /home/nolan/source/Rover_2023_2024/install/rover2_control/lib/rover2_control
[0.615s] Installing tower_pan_tilt_control script to /home/nolan/source/Rover_2023_2024/install/rover2_control/lib/rover2_control
[0.615s] writing list of installed files to '/home/nolan/source/Rover_2023_2024/build/rover2_control/install.log'
[0.630s] Invoked command in '/home/nolan/source/Rover_2023_2024/software/ros_packages/rover2_control' returned '0': PS1=\[\e]0;\u@\h: \w\a\]${debian_chroot:+($debian_chroot)}\[\033[01;32m\]\u@\h\[\033[00m\]:\[\033[01;34m\]\w\[\033[00m\]\$ PYTHONPATH=/home/nolan/source/Rover_2023_2024/build/rover2_control/prefix_override:/usr/lib/python3/dist-packages/colcon_core/task/python/colcon_distutils_commands:/home/nolan/source/Rover_2023_2024/install/rover2_control/lib/python3.10/site-packages:${PYTHONPATH} /usr/bin/python3 -W ignore:setup.py install is deprecated -W ignore:easy_install command is deprecated setup.py egg_info --egg-base ../../../build/rover2_control build --build-base /home/nolan/source/Rover_2023_2024/build/rover2_control/build install --record /home/nolan/source/Rover_2023_2024/build/rover2_control/install.log --install-scripts $base/lib/rover2_control --single-version-externally-managed install_data
